Traceback (most recent call last):
  File "/usr/local/python/3.12.1/lib/python3.12/site-packages/jupyter_cache/executors/utils.py", line 58, in single_nb_execution
    executenb(
  File "/usr/local/python/3.12.1/lib/python3.12/site-packages/nbclient/client.py", line 1305, in execute
    return NotebookClient(nb=nb, resources=resources, km=km, **kwargs).execute()
           ^^^^^^^^^^^^^^^^^^^^^^^^^^^^^^^^^^^^^^^^^^^^^^^^^^^^^^^^^^^^^^^^^^^^^
  File "/home/codespace/.local/lib/python3.12/site-packages/jupyter_core/utils/__init__.py", line 165, in wrapped
    return loop.run_until_complete(inner)
           ^^^^^^^^^^^^^^^^^^^^^^^^^^^^^^
  File "/usr/local/python/3.12.1/lib/python3.12/asyncio/base_events.py", line 684, in run_until_complete
    return future.result()
           ^^^^^^^^^^^^^^^
  File "/usr/local/python/3.12.1/lib/python3.12/site-packages/nbclient/client.py", line 705, in async_execute
    await self.async_execute_cell(
  File "/usr/local/python/3.12.1/lib/python3.12/site-packages/nbclient/client.py", line 1058, in async_execute_cell
    await self._check_raise_for_error(cell, cell_index, exec_reply)
  File "/usr/local/python/3.12.1/lib/python3.12/site-packages/nbclient/client.py", line 914, in _check_raise_for_error
    raise CellExecutionError.from_cell_and_msg(cell, exec_reply_content)
nbclient.exceptions.CellExecutionError: An error occurred while executing the following cell:
------------------
# Install library yang diperlukan (jalankan sekali saja)
!pip install Sastrawi scikit-learn gensim nltk

# Mount Google Drive
from google.colab import drive
drive.mount('/content/drive')

# Baca file CSV
import pandas as pd

file_path = "/content/drive/MyDrive/PPW/Berita_UTS.csv"  # sesuaikan path kamu
df = pd.read_csv(file_path, encoding='utf-8')

print("✅ Total entri:", len(df))
print("📄 Kolom tersedia:", df.columns)
df.head()

------------------

----- stdout -----
Collecting Sastrawi
----- stdout -----
  Downloading Sastrawi-1.0.1-py2.py3-none-any.whl.metadata (909 bytes)
----- stdout -----
Requirement already satisfied: scikit-learn in /home/codespace/.local/lib/python3.12/site-packages (1.7.2)
----- stdout -----
Collecting gensim
  Downloading gensim-4.4.0-cp312-cp312-manylinux_2_24_x86_64.manylinux_2_28_x86_64.whl.metadata (8.4 kB)
----- stdout -----
Collecting nltk
  Downloading nltk-3.9.2-py3-none-any.whl.metadata (3.2 kB)
----- stdout -----
Requirement already satisfied: numpy>=1.22.0 in /home/codespace/.local/lib/python3.12/site-packages (from scikit-learn) (2.3.4)
Requirement already satisfied: scipy>=1.8.0 in /home/codespace/.local/lib/python3.12/site-packages (from scikit-learn) (1.16.3)
Requirement already satisfied: joblib>=1.2.0 in /home/codespace/.local/lib/python3.12/site-packages (from scikit-learn) (1.5.2)
Requirement already satisfied: threadpoolctl>=3.1.0 in /home/codespace/.local/lib/python3.12/site-packages (from scikit-learn) (3.6.0)
Collecting smart_open>=1.8.1 (from gensim)
----- stdout -----
  Downloading smart_open-7.5.0-py3-none-any.whl.metadata (24 kB)
Requirement already satisfied: click in /usr/local/python/3.12.1/lib/python3.12/site-packages (from nltk) (8.3.1)
----- stdout -----
Collecting regex>=2021.8.3 (from nltk)
  Downloading regex-2025.11.3-cp312-cp312-manylinux2014_x86_64.manylinux_2_17_x86_64.manylinux_2_28_x86_64.whl.metadata (40 kB)
----- stdout -----
Collecting tqdm (from nltk)
  Downloading tqdm-4.67.1-py3-none-any.whl.metadata (57 kB)
----- stdout -----
Collecting wrapt (from smart_open>=1.8.1->gensim)
  Downloading wrapt-2.0.1-cp312-cp312-manylinux1_x86_64.manylinux_2_28_x86_64.manylinux_2_5_x86_64.whl.metadata (9.0 kB)
----- stdout -----
Downloading Sastrawi-1.0.1-py2.py3-none-any.whl (209 kB)
Downloading gensim-4.4.0-cp312-cp312-manylinux_2_24_x86_64.manylinux_2_28_x86_64.whl (27.9 MB)
[?25l   [38;5;237m━━━━━━━━━━━━━━━━━━━━━━━━━━━━━━━━━━━━━━━━[0m [32m0.0/27.9 MB[0m [31m?[0m eta [36m-:--:--[0m
----- stdout -----
[2K   [38;2;249;38;114m━━━━━━━━━━━━━━━━━━━━━━━━━━━━━━━━━━━━━━━[0m[38;2;249;38;114m╸[0m [32m27.8/27.9 MB[0m [31m158.3 MB/s[0m eta [36m0:00:01[0m
----- stdout -----
[2K   [38;2;249;38;114m━━━━━━━━━━━━━━━━━━━━━━━━━━━━━━━━━━━━━━━[0m[38;2;249;38;114m╸[0m [32m27.8/27.9 MB[0m [31m158.3 MB/s[0m eta [36m0:00:01[0m
----- stdout -----
[2K   [38;2;114;156;31m━━━━━━━━━━━━━━━━━━━━━━━━━━━━━━━━━━━━━━━━[0m [32m27.9/27.9 MB[0m [31m49.3 MB/s[0m  [33m0:00:00[0m
[?25hDownloading nltk-3.9.2-py3-none-any.whl (1.5 MB)
[?25l   [38;5;237m━━━━━━━━━━━━━━━━━━━━━━━━━━━━━━━━━━━━━━━━[0m [32m0.0/1.5 MB[0m [31m?[0m eta [36m-:--:--[0m
----- stdout -----
[2K   [38;2;114;156;31m━━━━━━━━━━━━━━━━━━━━━━━━━━━━━━━━━━━━━━━━[0m [32m1.5/1.5 MB[0m [31m34.5 MB/s[0m  [33m0:00:00[0m
[?25hDownloading regex-2025.11.3-cp312-cp312-manylinux2014_x86_64.manylinux_2_17_x86_64.manylinux_2_28_x86_64.whl (803 kB)
[?25l   [38;5;237m━━━━━━━━━━━━━━━━━━━━━━━━━━━━━━━━━━━━━━━━[0m [32m0.0/803.5 kB[0m [31m?[0m eta [36m-:--:--[0m[2K   [38;2;114;156;31m━━━━━━━━━━━━━━━━━━━━━━━━━━━━━━━━━━━━━━━━[0m [32m803.5/803.5 kB[0m [31m32.1 MB/s[0m  [33m0:00:00[0m
[?25h
----- stdout -----
Downloading smart_open-7.5.0-py3-none-any.whl (63 kB)
Downloading tqdm-4.67.1-py3-none-any.whl (78 kB)
Downloading wrapt-2.0.1-cp312-cp312-manylinux1_x86_64.manylinux_2_28_x86_64.manylinux_2_5_x86_64.whl (121 kB)
----- stdout -----
Installing collected packages: Sastrawi, wrapt, tqdm, regex, smart_open, nltk, gensim
[?25l
----- stdout -----
[2K   [38;2;249;38;114m━━━━━━━━━━━[0m[38;5;237m╺[0m[38;5;237m━━━━━━━━━━━━━━━━━━━━━━━━━━━━[0m [32m2/7[0m [tqdm]
----- stdout -----
[2K   [38;2;249;38;114m━━━━━━━━━━━━━━━━━━━━━━[0m[38;2;249;38;114m╸[0m[38;5;237m━━━━━━━━━━━━━━━━━[0m [32m4/7[0m [smart_open]
----- stdout -----
[2K   [38;2;249;38;114m━━━━━━━━━━━━━━━━━━━━━━━━━━━━[0m[38;2;249;38;114m╸[0m[38;5;237m━━━━━━━━━━━[0m [32m5/7[0m [nltk]
----- stdout -----
[2K   [38;2;249;38;114m━━━━━━━━━━━━━━━━━━━━━━━━━━━━[0m[38;2;249;38;114m╸[0m[38;5;237m━━━━━━━━━━━[0m [32m5/7[0m [nltk]
----- stdout -----
[2K   [38;2;249;38;114m━━━━━━━━━━━━━━━━━━━━━━━━━━━━[0m[38;2;249;38;114m╸[0m[38;5;237m━━━━━━━━━━━[0m [32m5/7[0m [nltk]
----- stdout -----
[2K   [38;2;249;38;114m━━━━━━━━━━━━━━━━━━━━━━━━━━━━[0m[38;2;249;38;114m╸[0m[38;5;237m━━━━━━━━━━━[0m [32m5/7[0m [nltk]
----- stdout -----
[2K   [38;2;249;38;114m━━━━━━━━━━━━━━━━━━━━━━━━━━━━[0m[38;2;249;38;114m╸[0m[38;5;237m━━━━━━━━━━━[0m [32m5/7[0m [nltk]
----- stdout -----
[2K   [38;2;249;38;114m━━━━━━━━━━━━━━━━━━━━━━━━━━━━━━━━━━[0m[38;5;237m╺[0m[38;5;237m━━━━━[0m [32m6/7[0m [gensim]
----- stdout -----
[2K   [38;2;249;38;114m━━━━━━━━━━━━━━━━━━━━━━━━━━━━━━━━━━[0m[38;5;237m╺[0m[38;5;237m━━━━━[0m [32m6/7[0m [gensim]
----- stdout -----
[2K   [38;2;249;38;114m━━━━━━━━━━━━━━━━━━━━━━━━━━━━━━━━━━[0m[38;5;237m╺[0m[38;5;237m━━━━━[0m [32m6/7[0m [gensim]
----- stdout -----
[2K   [38;2;249;38;114m━━━━━━━━━━━━━━━━━━━━━━━━━━━━━━━━━━[0m[38;5;237m╺[0m[38;5;237m━━━━━[0m [32m6/7[0m [gensim]
----- stdout -----
[2K   [38;2;114;156;31m━━━━━━━━━━━━━━━━━━━━━━━━━━━━━━━━━━━━━━━━[0m [32m7/7[0m [gensim]
[?25h[1A[2KSuccessfully installed Sastrawi-1.0.1 gensim-4.4.0 nltk-3.9.2 regex-2025.11.3 smart_open-7.5.0 tqdm-4.67.1 wrapt-2.0.1
------------------

[31m---------------------------------------------------------------------------[39m
[31mModuleNotFoundError[39m                       Traceback (most recent call last)
[36mCell[39m[36m [39m[32mIn[1][39m[32m, line 5[39m
[32m      2[39m get_ipython().system([33m'[39m[33mpip install Sastrawi scikit-learn gensim nltk[39m[33m'[39m)
[32m      4[39m [38;5;66;03m# Mount Google Drive[39;00m
[32m----> [39m[32m5[39m [38;5;28;01mfrom[39;00m[38;5;250m [39m[34;01mgoogle[39;00m[34;01m.[39;00m[34;01mcolab[39;00m[38;5;250m [39m[38;5;28;01mimport[39;00m drive
[32m      6[39m drive.mount([33m'[39m[33m/content/drive[39m[33m'[39m)
[32m      8[39m [38;5;66;03m# Baca file CSV[39;00m

[31mModuleNotFoundError[39m: No module named 'google'

